
[0;36m                                      _..._      [0m
[0;36m                      .-''-.       .-'_..._''.   [0m
[0;36m   __  __   ___     .' .-.  )    .' .'      '.\  [0m
[0;36m  |  |/  `.'   `.  / .'  / /    / .'             [0m
[0;36m  |   .-.  .-.   '(_/   / /    . '               [0m
[0;36m  |  |  |  |  |  |     / /     | |               [0m
[0;36m  |  |  |  |  |  |    / /      | |               [0m
[0;36m  |  |  |  |  |  |   . '       . '               [0m
[0;36m  |  |  |  |  |  |  / /    _.-')\ '.          .  [0m
[0;36m  |__|  |__|  |__|.' '  _.'.-''  '. `._____.-'/  [0m
[0;36m                 /  /.-'_.'        `-.______ /   [0m
[0;36m                /    _.'                    `    [0m
[0;36m               ( _.-'                            [0m

Revision: fa3e381+ | Branch: main | Tag: 
Computation started at: 2024-02-20.10:37:17 EDT
Using 128 processor cores (including concurrent programs).
Command: /home/kevinw3/tinkercliffs/zoey6/m2c input.st

[0;32m==========================================[0m
[0;32m                 START                    [0m
[0;32m==========================================[0m


- Mesh Statistics:
  X-Direction: [0.000000e+00, 2.000000e+01], 731 nodes/cells, dx_min = 3.502524e-03, dx_max = 1.991461e-01.
  Y-Direction: [-1.000000e-03, 1.000000e-03], 1 nodes/cells, dy_min = 2.000000e-03, dy_max = 2.000000e-03.
  Z-Direction: [-1.000000e-03, 1.000000e-03], 1 nodes/cells, dz_min = 2.000000e-03, dz_max = 2.000000e-03.
  Total number of nodes/cells: 731.
  Imposing spherical symmetry: x ~ radial coordinate.
  o Number of ghost nodes inside computational domain (overlapping between subdomains): 254
  o Number of ghost nodes outside computational domain: 7898


- Initializing the state variables (V) and material id. (ID).
  o Found Sphere[0]: Center: (0.000000e+00 0.000000e+00 0.000000e+00), Radius: 7.469000e-01. Mat. ID: 1

- Initializing Phi[0] for tracking the boundary of material 1.

- Initializing terminal visualization.

----------------------------
--       Main Loop        --
----------------------------
- Wrote solution at 0.000000e+00 to solution_0000.vtr.

[0;32m==========================================
 Pressure at 0.0000e+00 (Step 0)
[0;32m==========================================[0m
The X-Y plane. z: 0.00e+00, x (horiz.): [1.75e-03, 2.00e+00], y (vert.): [0.00e+00, 0.00e+00].
------------------------------------------------------------------------------------------------------
[0m|[48;5;54m  [48;5;54m  [48;5;54m  [48;5;54m  [48;5;54m  [48;5;54m  [48;5;54m  [48;5;54m  [48;5;54m  [48;5;54m  [48;5;54m  [48;5;54m  [48;5;54m  [48;5;54m  [48;5;54m  [48;5;54m  [48;5;54m  [48;5;54m  [48;5;54m  [48;5;160m  [48;5;160m  [48;5;160m  [48;5;160m  [48;5;160m  [48;5;160m  [48;5;160m  [48;5;160m  [48;5;160m  [48;5;160m  [48;5;160m  [48;5;160m  [48;5;160m  [48;5;160m  [48;5;160m  [48;5;160m  [48;5;160m  [48;5;160m  [48;5;160m  [48;5;160m  [48;5;160m  [48;5;160m  [48;5;160m  [48;5;160m  [48;5;160m  [48;5;160m  [48;5;160m  [48;5;160m  [48;5;160m  [48;5;160m  [48;5;160m  [0m|
------------------------------------------------------------------------------------------------------
[48;5;54m 1.00e+02 [48;5;61m 4.44e+03 [48;5;68m 8.79e+03 [48;5;69m 1.31e+04 [48;5;75m 1.75e+04 [48;5;75m 2.18e+04 [48;5;45m 2.62e+04 [48;5;44m 3.05e+04 [48;5;50m 3.48e+04 [0m
[48;5;85m 3.92e+04 [48;5;84m 4.35e+04 [48;5;120m 4.79e+04 [48;5;155m 5.22e+04 [48;5;191m 5.66e+04 [48;5;191m 6.09e+04 [48;5;227m 6.53e+04 [48;5;221m 6.96e+04 [48;5;221m 7.39e+04 [0m
[48;5;214m 7.83e+04 [48;5;208m 8.26e+04 [48;5;208m 8.70e+04 [48;5;202m 9.13e+04 [48;5;166m 9.57e+04 [48;5;160m 1.00e+05 [0m

Step 1: t = 0.000000e+00, dt = 6.000520e-10, cfl = 4.5000e-01. Computation time: 4.8000e-01 s.
Step 2: t = 6.000520e-10, dt = 6.000520e-10, cfl = 4.5000e-01. Computation time: 4.9000e-01 s.
Step 3: t = 1.200104e-09, dt = 6.000520e-10, cfl = 4.5000e-01. Computation time: 5.0000e-01 s.
Step 4: t = 1.800156e-09, dt = 6.000520e-10, cfl = 4.5000e-01. Computation time: 5.0000e-01 s.
Step 5: t = 2.400208e-09, dt = 6.000520e-10, cfl = 4.5000e-01. Computation time: 5.0000e-01 s.
Step 6: t = 3.000260e-09, dt = 6.000520e-10, cfl = 4.5000e-01. Computation time: 5.0000e-01 s.
Step 7: t = 3.600312e-09, dt = 6.000520e-10, cfl = 4.5000e-01. Computation time: 5.0000e-01 s.
Step 8: t = 4.200364e-09, dt = 6.000520e-10, cfl = 4.5000e-01. Computation time: 5.0000e-01 s.
Step 9: t = 4.800416e-09, dt = 6.000520e-10, cfl = 4.5000e-01. Computation time: 5.0000e-01 s.
Step 10: t = 5.400468e-09, dt = 6.000520e-10, cfl = 4.5000e-01. Computation time: 5.0000e-01 s.
Step 11: t = 6.000520e-09, dt = 6.000520e-10, cfl = 4.5000e-01. Computation time: 5.0000e-01 s.
Step 12: t = 6.600572e-09, dt = 6.000520e-10, cfl = 4.5000e-01. Computation time: 5.0000e-01 s.
Step 13: t = 7.200624e-09, dt = 6.000520e-10, cfl = 4.5000e-01. Computation time: 5.0000e-01 s.
Step 14: t = 7.800676e-09, dt = 6.000520e-10, cfl = 4.5000e-01. Computation time: 5.0000e-01 s.
Step 15: t = 8.400728e-09, dt = 6.000520e-10, cfl = 4.5000e-01. Computation time: 5.0000e-01 s.
Step 16: t = 9.000780e-09, dt = 6.000520e-10, cfl = 4.5000e-01. Computation time: 5.0000e-01 s.
Step 17: t = 9.600832e-09, dt = 6.000520e-10, cfl = 4.5000e-01. Computation time: 5.0000e-01 s.



...



Step 133730: t = 7.999516e-05, dt = 6.000461e-10, cfl = 4.5000e-01. Computation time: 5.4230e+01 s.
Step 133731: t = 7.999576e-05, dt = 6.000460e-10, cfl = 4.5000e-01. Computation time: 5.4230e+01 s.
Step 133732: t = 7.999636e-05, dt = 6.000460e-10, cfl = 4.5000e-01. Computation time: 5.4230e+01 s.
Step 133733: t = 7.999696e-05, dt = 6.000460e-10, cfl = 4.5000e-01. Computation time: 5.4230e+01 s.
Step 133734: t = 7.999756e-05, dt = 6.000460e-10, cfl = 4.5000e-01. Computation time: 5.4230e+01 s.
Step 133735: t = 7.999816e-05, dt = 6.000460e-10, cfl = 4.5000e-01. Computation time: 5.4230e+01 s.
Step 133736: t = 7.999876e-05, dt = 6.000460e-10, cfl = 4.5000e-01. Computation time: 5.4230e+01 s.
Step 133737: t = 7.999936e-05, dt = 6.000460e-10, cfl = 4.5000e-01. Computation time: 5.4230e+01 s.
Step 133738: t = 7.999996e-05, dt = 4.211915e-11, cfl = 3.1587e-02. Computation time: 5.4230e+01 s.
- Wrote solution at 8.000000e-05 to solution_0016.vtr.

[0;32m==========================================
 Pressure at 8.0000e-05 (Step 133738)
[0;32m==========================================[0m
The X-Y plane. z: 0.00e+00, x (horiz.): [1.75e-03, 2.00e+00], y (vert.): [0.00e+00, 0.00e+00].
------------------------------------------------------------------------------------------------------
[0m|[48;5;54m  [48;5;54m  [48;5;54m  [48;5;54m  [48;5;54m  [48;5;54m  [48;5;54m  [48;5;54m  [48;5;75m  [48;5;120m  [48;5;191m  [48;5;221m  [48;5;221m  [48;5;214m  [48;5;208m  [48;5;208m  [48;5;208m  [48;5;208m  [48;5;208m  [48;5;202m  [48;5;202m  [48;5;202m  [48;5;202m  [48;5;166m  [48;5;166m  [48;5;166m  [48;5;166m  [48;5;166m  [48;5;166m  [48;5;166m  [48;5;166m  [48;5;166m  [48;5;166m  [48;5;166m  [48;5;166m  [48;5;160m  [48;5;160m  [48;5;160m  [48;5;160m  [48;5;160m  [48;5;160m  [48;5;160m  [48;5;160m  [48;5;160m  [48;5;160m  [48;5;160m  [48;5;160m  [48;5;160m  [48;5;160m  [48;5;160m  [0m|
------------------------------------------------------------------------------------------------------
[48;5;54m 6.36e+03 [48;5;61m 9.85e+03 [48;5;68m 1.33e+04 [48;5;69m 1.68e+04 [48;5;75m 2.03e+04 [48;5;75m 2.38e+04 [48;5;45m 2.73e+04 [48;5;44m 3.08e+04 [48;5;50m 3.43e+04 [0m
[48;5;85m 3.78e+04 [48;5;84m 4.13e+04 [48;5;120m 4.48e+04 [48;5;155m 4.83e+04 [48;5;191m 5.18e+04 [48;5;191m 5.53e+04 [48;5;227m 5.88e+04 [48;5;221m 6.23e+04 [48;5;221m 6.58e+04 [0m
[48;5;214m 6.92e+04 [48;5;208m 7.27e+04 [48;5;208m 7.62e+04 [48;5;202m 7.97e+04 [48;5;166m 8.32e+04 [48;5;160m 8.67e+04 [0m


[0;32m==========================================[0m
[0;32m   NORMAL TERMINATION (t = 8.000000e-05)  [0m
[0;32m==========================================[0m
Total Computation Time: 54.240000 sec.

